V "4.8.7.0 Nov 19 2019"
R
C 3
= 000000002351B888
R
P 000000002351B888
S "model"
S "true"
C 5
R
P 000000002351B888
C 7
= 00000000238865D8
R
P 000000002351B888
C 4
R
P 00000000238865D8
U 2
C 350
R
P 00000000238865D8
C 360
R
P 00000000238865D8
C 33
= 00000000235FE168
R
P 00000000238865D8
C 360
R
P 00000000238865D8
P 00000000235FE168
C 274
R
P 00000000238865D8
C 360
R
P 00000000238865D8
P 00000000235FE168
C 9
R
P 00000000238865D8
C 360
R
P 00000000238865D8
I 23
P 00000000235FE168
C 154
= 00000000235FEA88
R
P 00000000238865D8
C 360
R
P 00000000238865D8
P 00000000235FEA88
C 275
R
P 00000000238865D8
C 360
R
P 00000000238865D8
P 00000000235FEA88
C 9
R
P 00000000238865D8
C 360
R
P 00000000238865D8
I 22
P 00000000235FE168
C 154
= 00000000235FEAA8
R
P 00000000238865D8
C 360
R
P 00000000238865D8
P 00000000235FEAA8
C 275
R
P 00000000238865D8
C 360
R
P 00000000238865D8
P 00000000235FEAA8
C 9
R
P 00000000238865D8
C 360
R
P 00000000238865D8
I 5
P 00000000235FE168
C 154
= 00000000235FEAC8
R
P 00000000238865D8
C 360
R
P 00000000238865D8
P 00000000235FEAC8
C 275
R
P 00000000238865D8
C 360
R
P 00000000238865D8
P 00000000235FEAC8
C 9
R
P 00000000238865D8
C 360
R
P 00000000238865D8
I 4
P 00000000235FE168
C 154
= 00000000235FEAE8
R
P 00000000238865D8
C 360
R
P 00000000238865D8
P 00000000235FEAE8
C 275
R
P 00000000238865D8
C 360
R
P 00000000238865D8
P 00000000235FEAE8
C 9
R
P 00000000238865D8
C 360
R
P 00000000238865D8
I 28
P 00000000235FE168
C 154
= 00000000235FEB08
R
P 00000000238865D8
C 360
R
P 00000000238865D8
P 00000000235FEB08
C 275
R
P 00000000238865D8
C 360
R
P 00000000238865D8
P 00000000235FEB08
C 9
R
P 00000000238865D8
C 360
R
P 00000000238865D8
I 10
P 00000000235FE168
C 154
= 00000000235FEB28
R
P 00000000238865D8
C 360
R
P 00000000238865D8
P 00000000235FEB28
C 275
R
P 00000000238865D8
C 360
R
P 00000000238865D8
P 00000000235FEB28
C 9
R
P 00000000238865D8
C 360
R
P 00000000238865D8
I 11
P 00000000235FE168
C 154
= 00000000235FEB48
R
P 00000000238865D8
C 360
R
P 00000000238865D8
P 00000000235FEB48
C 275
R
P 00000000238865D8
C 360
R
P 00000000238865D8
P 00000000235FEB48
C 9
R
P 00000000238865D8
C 360
R
P 00000000238865D8
I 12
P 00000000235FE168
C 154
= 00000000235FEB68
R
P 00000000238865D8
C 360
R
P 00000000238865D8
P 00000000235FEB68
C 275
R
P 00000000238865D8
C 360
R
P 00000000238865D8
P 00000000235FEB68
C 9
R
P 00000000238865D8
C 360
R
P 00000000238865D8
I 13
P 00000000235FE168
C 154
= 00000000235FEB88
R
P 00000000238865D8
C 360
R
P 00000000238865D8
P 00000000235FEB88
C 275
R
P 00000000238865D8
C 360
R
P 00000000238865D8
P 00000000235FEB88
C 9
R
P 00000000238865D8
C 360
R
P 00000000238865D8
I 14
P 00000000235FE168
C 154
= 00000000235FEBA8
R
P 00000000238865D8
C 360
R
P 00000000238865D8
P 00000000235FEBA8
C 275
R
P 00000000238865D8
C 360
R
P 00000000238865D8
P 00000000235FEBA8
C 9
R
P 00000000238865D8
C 360
R
P 00000000238865D8
I 1
P 00000000235FE168
C 154
= 00000000235FEBC8
R
P 00000000238865D8
C 360
R
P 00000000238865D8
P 00000000235FEBC8
C 275
R
P 00000000238865D8
C 360
R
P 00000000238865D8
P 00000000235FEBC8
C 9
R
P 00000000238865D8
C 360
R
P 00000000238865D8
I 2
P 00000000235FE168
C 154
= 00000000235FEBE8
R
P 00000000238865D8
C 360
R
P 00000000238865D8
P 00000000235FEBE8
C 275
R
P 00000000238865D8
C 360
R
P 00000000238865D8
P 00000000235FEBE8
C 9
R
P 00000000238865D8
C 360
R
P 00000000238865D8
I 15
P 00000000235FE168
C 154
= 00000000235FEC08
R
P 00000000238865D8
C 360
R
P 00000000238865D8
P 00000000235FEC08
C 275
R
P 00000000238865D8
C 360
R
P 00000000238865D8
P 00000000235FEC08
C 9
R
P 00000000238865D8
C 360
R
P 00000000238865D8
I 17
P 00000000235FE168
C 154
= 00000000235FEC28
R
P 00000000238865D8
C 360
R
P 00000000238865D8
P 00000000235FEC28
C 275
R
P 00000000238865D8
C 360
R
P 00000000238865D8
P 00000000235FEC28
C 9
R
P 00000000238865D8
C 360
R
P 00000000238865D8
S "killCard"
C 30
R
P 00000000238865D8
C 360
R
P 00000000238865D8
$ |killCard|
C 219
R
P 00000000238865D8
C 360
R
P 00000000238865D8
$ |killCard|
P 00000000235FE168
C 51
= 00000000235FEC48
R
P 00000000238865D8
C 360
R
P 00000000238865D8
P 00000000235FEC48
C 274
R
P 00000000238865D8
C 360
R
P 00000000238865D8
P 00000000235FEC48
C 271
= 00000000235FE168
R
P 00000000238865D8
C 360
R
P 00000000238865D8
P 00000000235FE168
C 226
R
P 00000000238865D8
C 360
R
P 00000000238865D8
P 00000000235FEC48
C 277
R
P 00000000238865D8
C 360
R
P 00000000238865D8
P 00000000235FEC48
C 276
R
P 00000000238865D8
C 360
R
P 00000000238865D8
P 00000000235FEC48
C 275
R
P 00000000238865D8
C 360
R
P 00000000238865D8
P 00000000235FEC48
C 9
R
P 00000000238865D8
C 360
R
P 00000000238865D8
I 1
P 00000000235FE168
C 154
= 00000000235FEBC8
R
P 00000000238865D8
C 360
R
P 00000000238865D8
P 00000000235FEBC8
C 275
R
P 00000000238865D8
C 360
R
P 00000000238865D8
P 00000000235FEBC8
C 9
R
P 00000000238865D8
C 360
R
P 00000000238865D8
P 00000000235FEBC8
P 00000000235FEC48
C 76
= 000000002361C668
R
P 00000000238865D8
C 360
R
P 00000000238865D8
P 000000002361C668
C 275
R
P 00000000238865D8
C 360
R
P 00000000238865D8
P 000000002361C668
C 9
R
P 00000000238865D8
C 360
R
P 00000000238865D8
I 28
P 00000000235FE168
C 154
= 00000000235FEB08
R
P 00000000238865D8
C 360
R
P 00000000238865D8
P 00000000235FEB08
C 275
R
P 00000000238865D8
C 360
R
P 00000000238865D8
P 00000000235FEB08
C 9
R
P 00000000238865D8
C 360
R
P 00000000238865D8
P 00000000235FEC48
P 00000000235FEB08
C 76
= 000000002361C6A0
R
P 00000000238865D8
C 360
R
P 00000000238865D8
P 000000002361C6A0
C 275
R
P 00000000238865D8
C 360
R
P 00000000238865D8
P 000000002361C6A0
C 9
R
P 00000000238865D8
C 360
R
P 00000000238865D8
U 2
P 000000002361C668
P 000000002361C6A0
p 2
C 65
= 000000002361C6D8
R
P 00000000238865D8
C 360
R
P 00000000238865D8
P 000000002361C6D8
C 275
R
P 00000000238865D8
C 360
R
P 00000000238865D8
P 000000002361C6D8
C 9
R
P 00000000238865D8
C 360
R
P 00000000238865D8
U 15
P 00000000235FEA88
P 00000000235FEAA8
P 00000000235FEAC8
P 00000000235FEAE8
P 00000000235FEB08
P 00000000235FEB28
P 00000000235FEB48
P 00000000235FEB68
P 00000000235FEB88
P 00000000235FEBA8
P 00000000235FEBC8
P 00000000235FEBE8
P 00000000235FEC08
P 00000000235FEC28
P 00000000235FEC48
p 15
C 59
= 00000000232C5118
R
P 00000000238865D8
C 360
R
P 00000000238865D8
P 00000000232C5118
C 275
R
P 00000000238865D8
C 360
R
P 00000000238865D8
P 00000000232C5118
C 9
R
P 00000000238865D8
C 360
R
P 00000000238865D8
C 56
= 00000000235FE108
R
P 00000000238865D8
C 360
R
P 00000000238865D8
P 00000000235FE108
C 275
R
P 00000000238865D8
C 360
R
P 00000000238865D8
P 00000000235FE108
C 9
R
P 00000000238865D8
C 360
R
P 00000000238865D8
I 25
P 00000000235FE168
C 154
= 00000000235FEC68
R
P 00000000238865D8
C 360
R
P 00000000238865D8
P 00000000235FEC68
C 275
R
P 00000000238865D8
C 360
R
P 00000000238865D8
P 00000000235FEC68
C 9
R
P 00000000238865D8
C 360
R
P 00000000238865D8
I 24
P 00000000235FE168
C 154
= 00000000235FEC88
R
P 00000000238865D8
C 360
R
P 00000000238865D8
P 00000000235FEC88
C 275
R
P 00000000238865D8
C 360
R
P 00000000238865D8
P 00000000235FEC88
C 9
R
P 00000000238865D8
C 360
R
P 00000000238865D8
I 26
P 00000000235FE168
C 154
= 00000000235FECA8
R
P 00000000238865D8
C 360
R
P 00000000238865D8
P 00000000235FECA8
C 275
R
P 00000000238865D8
C 360
R
P 00000000238865D8
P 00000000235FECA8
C 9
R
P 00000000238865D8
C 360
R
P 00000000238865D8
U 18
P 00000000235FEA88
P 00000000235FEAA8
P 00000000235FEAC8
P 00000000235FEAE8
P 00000000235FEB08
P 00000000235FEB28
P 00000000235FEB48
P 00000000235FEB68
P 00000000235FEB88
P 00000000235FEBA8
P 00000000235FEBC8
P 00000000235FEBE8
P 00000000235FEC08
P 00000000235FEC28
P 00000000235FEC48
P 00000000235FEC68
P 00000000235FEC88
P 00000000235FECA8
p 18
C 59
= 00000000232BB0C8
R
P 00000000238865D8
C 360
R
P 00000000238865D8
P 00000000232BB0C8
C 275
R
P 00000000238865D8
C 360
R
P 00000000238865D8
P 00000000232BB0C8
C 9
R
P 00000000238865D8
C 360
R
P 00000000238865D8
I 25
P 00000000235FE168
C 154
= 00000000235FEC68
R
P 00000000238865D8
C 360
R
P 00000000238865D8
P 00000000235FEC68
C 275
R
P 00000000238865D8
C 360
R
P 00000000238865D8
P 00000000235FEC68
C 9
R
P 00000000238865D8
C 360
R
P 00000000238865D8
I 27
P 00000000235FE168
C 154
= 00000000235FECC8
R
P 00000000238865D8
C 360
R
P 00000000238865D8
P 00000000235FECC8
C 275
R
P 00000000238865D8
C 360
R
P 00000000238865D8
P 00000000235FECC8
C 9
R
P 00000000238865D8
C 360
R
P 00000000238865D8
I 26
P 00000000235FE168
C 154
= 00000000235FECA8
R
P 00000000238865D8
C 360
R
P 00000000238865D8
P 00000000235FECA8
C 275
R
P 00000000238865D8
C 360
R
P 00000000238865D8
P 00000000235FECA8
C 9
R
P 00000000238865D8
C 360
R
P 00000000238865D8
U 18
P 00000000235FEA88
P 00000000235FEAA8
P 00000000235FEAC8
P 00000000235FEAE8
P 00000000235FEB08
P 00000000235FEB28
P 00000000235FEB48
P 00000000235FEB68
P 00000000235FEB88
P 00000000235FEBA8
P 00000000235FEBC8
P 00000000235FEBE8
P 00000000235FEC08
P 00000000235FEC28
P 00000000235FEC48
P 00000000235FEC68
P 00000000235FECC8
P 00000000235FECA8
p 18
C 59
= 00000000232BB180
R
P 00000000238865D8
C 360
R
P 00000000238865D8
P 00000000232BB180
C 275
R
P 00000000238865D8
C 360
R
P 00000000238865D8
P 00000000232BB180
C 9
R
P 00000000238865D8
C 360
R
P 00000000238865D8
I 28
P 00000000235FE168
C 154
= 00000000235FEB08
R
P 00000000238865D8
C 360
R
P 00000000238865D8
P 00000000235FEB08
C 275
R
P 00000000238865D8
C 360
R
P 00000000238865D8
P 00000000235FEB08
C 9
R
P 00000000238865D8
C 360
R
P 00000000238865D8
I 27
P 00000000235FE168
C 154
= 00000000235FECC8
R
P 00000000238865D8
C 360
R
P 00000000238865D8
P 00000000235FECC8
C 275
R
P 00000000238865D8
C 360
R
P 00000000238865D8
P 00000000235FECC8
C 9
R
P 00000000238865D8
C 360
R
P 00000000238865D8
I 26
P 00000000235FE168
C 154
= 00000000235FECA8
R
P 00000000238865D8
C 360
R
P 00000000238865D8
P 00000000235FECA8
C 275
R
P 00000000238865D8
C 360
R
P 00000000238865D8
P 00000000235FECA8
C 9
R
P 00000000238865D8
C 360
R
P 00000000238865D8
U 18
P 00000000235FEA88
P 00000000235FEAA8
P 00000000235FEAC8
P 00000000235FEAE8
P 00000000235FEB08
P 00000000235FEB28
P 00000000235FEB48
P 00000000235FEB68
P 00000000235FEB88
P 00000000235FEBA8
P 00000000235FEBC8
P 00000000235FEBE8
P 00000000235FEC08
P 00000000235FEC28
P 00000000235FEC48
P 00000000235FEB08
P 00000000235FECC8
P 00000000235FECA8
p 18
C 59
= 00000000232BB238
R
P 00000000238865D8
C 360
R
P 00000000238865D8
P 00000000232BB238
C 275
R
P 00000000238865D8
C 360
R
P 00000000238865D8
P 00000000232BB238
C 9
R
P 00000000238865D8
C 360
R
P 00000000238865D8
U 2
P 00000000232BB0C8
P 00000000232BB180
p 2
C 66
= 000000002361C710
R
P 00000000238865D8
C 360
R
P 00000000238865D8
P 000000002361C710
C 275
R
P 00000000238865D8
C 360
R
P 00000000238865D8
P 000000002361C710
C 9
R
P 00000000238865D8
C 360
R
P 00000000238865D8
U 2
P 000000002361C710
P 00000000232BB238
p 2
C 66
= 000000002361C748
R
P 00000000238865D8
C 360
R
P 00000000238865D8
P 000000002361C748
C 275
R
P 00000000238865D8
C 360
R
P 00000000238865D8
P 000000002361C748
C 9
R
P 00000000238865D8
C 360
R
P 00000000238865D8
U 2
P 000000002361C6D8
P 00000000235FE108
p 2
C 65
= 000000002361C780
R
P 00000000238865D8
C 360
R
P 00000000238865D8
P 000000002361C780
C 275
R
P 00000000238865D8
C 360
R
P 00000000238865D8
P 000000002361C780
C 9
R
P 00000000238865D8
C 360
R
P 00000000238865D8
U 2
P 00000000232C5118
P 000000002361C780
p 2
C 65
= 000000002361C7B8
R
P 00000000238865D8
C 360
R
P 00000000238865D8
P 000000002361C7B8
C 275
R
P 00000000238865D8
C 360
R
P 00000000238865D8
P 000000002361C7B8
C 9
R
P 00000000238865D8
C 360
R
P 00000000238865D8
U 2
P 000000002361C748
P 000000002361C7B8
p 2
C 65
= 000000002361C7F0
R
P 00000000238865D8
C 360
R
P 00000000238865D8
P 000000002361C7F0
C 275
R
P 00000000238865D8
C 360
R
P 00000000238865D8
P 000000002361C7F0
C 9
R
P 00000000238865D8
C 360
R
P 00000000238865D8
C 430
= 00000000235227E8
R
P 00000000238865D8
C 360
R
P 00000000238865D8
P 00000000235227E8
C 439
R
P 00000000238865D8
C 360
R
P 00000000238865D8
P 00000000235227E8
P 000000002361C7F0
C 446
R
P 00000000238865D8
C 360
R
P 00000000238865D8
P 00000000235227E8
C 455
R
P 00000000238865D8
C 360
R
P 00000000238865D8
P 00000000235227E8
C 460
= 0000000023B02488
R
P 00000000238865D8
C 360
R
P 00000000238865D8
P 0000000023B02488
C 318
R
P 00000000238865D8
C 360
R
P 00000000238865D8
P 0000000023B02488
P 00000000235FEC48
I 0
P 0000000000000000
C 320
* 00000000235FEF68 4
R
P 00000000238865D8
C 360
R
P 00000000238865D8
P 00000000235FEF68
C 274
R
P 00000000238865D8
C 360
R
P 00000000238865D8
P 00000000235FEF68
C 271
= 00000000235FE168
R
P 00000000238865D8
C 360
R
P 00000000238865D8
P 00000000235FE168
C 226
R
P 00000000238865D8
C 360
R
P 00000000238865D8
P 00000000235FEF68
C 277
R
P 00000000238865D8
C 360
R
P 00000000238865D8
P 00000000235FEF68
C 276
R
P 00000000238865D8
C 360
R
P 00000000238865D8
P 00000000235FEF68
C 275
R
P 00000000238865D8
C 360
R
P 00000000238865D8
P 00000000235FEF68
C 9
R
P 00000000238865D8
C 360
R
P 00000000238865D8
P 00000000235FEF68
C 280
R
P 00000000238865D8
C 360
